[phase3] 32 pairs, users ['User12', 'User14', 'User15', 'User18', 'User4', 'User6', 'User8', 'User9'], donors {'Team2': ['User5:2017-03-24:23:30', 'User5:2017-03-25:02:30', 'User5:2017-03-25:15:40', 'User5:2017-03-24:01:10'], 'Team3': ['User22:2017-03-24:02:50', 'User22:2017-03-25:22:40', 'User22:2017-03-21:16:00', 'User22:2017-03-22:04:10'], 'Team4': ['User11:2017-03-19:04:30', 'User10:2017-03-26:05:10', 'User11:2017-03-26:20:30', 'User10:2017-03-22:22:50'], 'Team5': ['User16:2017-03-20:17:00', 'User16:2017-03-26:02:40', 'User16:2017-03-20:22:10', 'User16:2017-03-26:07:30']}
Loading weights:   0%|          | 0/434 [00:00<?, ?it/s]Loading weights:   1%|          | 3/434 [00:00<00:16, 26.01it/s]Loading weights:  12%|█▏        | 52/434 [00:00<00:01, 274.35it/s]Loading weights:  23%|██▎       | 100/434 [00:00<00:00, 361.94it/s]Loading weights:  34%|███▍      | 149/434 [00:00<00:00, 402.54it/s]Loading weights:  46%|████▋     | 201/434 [00:00<00:00, 441.48it/s]Loading weights:  59%|█████▉    | 255/434 [00:00<00:00, 464.27it/s]Loading weights:  70%|██████▉   | 303/434 [00:00<00:00, 468.07it/s]Loading weights:  81%|████████  | 351/434 [00:00<00:00, 471.29it/s]Loading weights:  92%|█████████▏| 400/434 [00:00<00:00, 469.14it/s]Loading weights: 100%|██████████| 434/434 [00:01<00:00, 432.36it/s]
[phase3] validity {"token_lengths_equal_cache": true, "fresh_vs_cache_rel_err_median": 0.04276421760443204, "fresh_vs_cache_rel_err_p95": 0.055932452589079, "active_set_jaccard_median": 0.7777777777777778, "active_set_jaccard_mean": 0.85023970320413, "selected_support_identical_share_of_receivers": 1.0, "dtype": "bfloat16 compute, NF4 weights, float64 SAE arithmetic", "zero_edit_vs_unhooked_max_abs": 0.0}
[phase3] zero done (47s)
[phase3] recon done (50s)
[phase3] rpU done (53s)
[phase3] rpO done (56s)
[phase3] projO done (59s)
[phase3] randI_U done (62s)
[phase3] randR_U done (65s)
[phase3] randI_O done (68s)
[phase3] randR_O done (71s)
[phase3] randI_P done (74s)
[phase3] randR_P done (77s)
[phase3] rpO_atP done (80s)
[phase3] projO_atD done (83s)
[phase3] applied validation: zero/unhooked 0.00e+00 hidden, 4.77e-07 loss
[phase3] timing {"model_load_s": 2.2, "fresh_delta_s": 5.1, "scoring_s": 51.9, "forward_passes_scored": 832, "batch_size": 4, "peak_gpu_mem_gib": 2.82, "total_s": 84.7, "gpu": "NVIDIA GeForce RTX 3070"}
PHASE3_DONE
	Command being timed: "python -u scripts/twos_edit_validation_gpu.py --config /data/suramya/insider_mi/twos_work/qwen3b_twos.yaml --data-dir /data/suramya/insider_mi/twos_work/audit_pool_v3 --adapter-dir /data/suramya/insider_mi/lm/twos_adapter_s42_fixed --extract-dir /data/suramya/insider_mi/twos_work/v3_deltas_s42 --frontier-dir /data/suramya/insider_mi/review_2026_09_24/twos_s42_reselect_discovery --split-dir /data/suramya/insider_mi/review_2026_09_24/twos_split --out-dir /data/suramya/insider_mi/twos_feasibility_2026_09_26/phase3_repair --batch-size 4"
	User time (seconds): 263.79
	System time (seconds): 19.74
	Percent of CPU this job got: 313%
	Elapsed (wall clock) time (h:mm:ss or m:ss): 1:30.43
	Average shared text size (kbytes): 0
	Average unshared data size (kbytes): 0
	Average stack size (kbytes): 0
	Average total size (kbytes): 0
	Maximum resident set size (kbytes): 7564612
	Average resident set size (kbytes): 0
	Major (requiring I/O) page faults: 1
	Minor (reclaiming a frame) page faults: 2226235
	Voluntary context switches: 7832
	Involuntary context switches: 750
	Swaps: 0
	File system inputs: 2290232
	File system outputs: 460
	Socket messages sent: 0
	Socket messages received: 0
	Signals delivered: 0
	Page size (bytes): 4096
	Exit status: 0
